                                                                                                                                                                                                                                                                                                           
                                                                           +------------+---------------+                                                                                                                                                                                                  
    +-----------------+                                                    |333333333333|444444444444444|                                                                                                                                                                                                  
    |11111111111111111|                                                    |333333333333|444444444444444|                                                                                                                                                                                                  
    |11111111111111111|                                                    |333333333333|444444444444444|                                                                                                                                                                                                  
    |11111111111111111|                     +------------------+           +----b-------+444444444444444|                                                                                                                                                                                                  
    |11111111111111111+----------+          |222222222222222222|                b       |444444444444444|                                                                                                                                                                                                  
    |1111111111111111111111111111|          |222222222222222222|                b       |444444444444444|                                                                                                                                                                                                  
    |1111111111111111111111111111|          |222222222222222222|                bbbbbbbbb444444444444444|                                                                                                                                                                                                  
    |1111111111111111111111111111|          |222222222222222222|                b       |444444444444444|                                                                                                                                                                                                  
    |1111111111111111111+----a---+          |222222222222222222|                b       |444444444444444|                                                                                                                                                                                                  
    |1111111111111111111|    a              |222222222222222222|                b       |444444444444444|                                                                                                                                                                                                  
    |1111111111111111111|    a              |222222222222222222bbbbbbbbbbbbbbbbbb       |444444444444444|                                                                                                                                                                                                  
    |1111111111111111111|    aaaaaaaaaaaaaaaa222222222222222222|                b       |444444444444444|                                                                                                                                                                                                  
    |1111111111111111111|                   |222222222222222222|                b       +---------------+                                                                                                                                                                                                  
    +-------------------+                   |222222222222222222|                b                                                                                                                                                                                                                          
                                            |222222222222222222|                b                                                                                                                                                                                                                          
                                            |222222222222222222|                b                                                                                                                                                                                                                          
                                            |222222222222222222|                b                                                                                                                                                                                                                          
                                            |222222222222222222|                b                                                                                                                                                                                                                          
                                            |222222222222222222|                b                                                                                                                                                                                                                          
                                            +------------------+                b             +----------------------+                                                                                                                                                                                     
                                                                                bbbbbbbb      |5555555555555555555555|                                                                                                                                                                                     
                                                                                       b      |5555555555555555555555|                                                                                                                                                                                     
                                                                                       bbbbbbbb5555555555555555555555|                                                                                                                                                                                     
                                                                              bbbbbbbbbb      |5555555555555555555555|                                                                                                                                                                                     
                                                                              b               |5555555555555555555555|                                                                                                                                                                                     
                                                                              b               +----------------------+                                                                                                                                                                                     
                                                                        +-----------+                                                                                                                                                                                                                      
                                                                        |66666666666|                                                                                                                                                                                                                      
                                                                        |66666666666|                                                                                                                                                                                                                      
                                                                        |66666666666|                                                                                                                                                                                                                      
                                                                        |66666666666|                                                                                                                                                                                                                      
                                                                        +-----------+                                                                                                                                                                                                                      
                                                                                                                                                                                                                                                                                                           
                                                                                                                                                                                                                                                                                                           
                                                                                                                                                                                                                                                                                                           
                                                                                                                                                                                                                                                                                                           
                                                                                                                                                                                                                                                                                                           
                                                                                                                                                                                                                                                                                                           
                                                                                                                                                                                                                                                                                                           
                                                                                                                                                                                                                                                                                                           
                                                                                                                                                                                                                                                                                                           
                                                                                                                                                                                                                                                                                                           
                                                                                                                                                                                                                                                                                                           
                                                                                                                                                                                                                                                                                                           
                                                                                                                                                                                                                                                                                                           
                                                                                                                                                                                                                                                                                                           
                                                                                                                                                                                                                                                                                                           
                                                                                                                                                                                                                                                                                                           
